java/lang/Object id: 1 
java/io/Serializable id: 2 
java/lang/Comparable id: 3 
java/lang/CharSequence id: 4 
java/lang/String id: 5 
java/lang/reflect/AnnotatedElement id: 6 
java/lang/reflect/GenericDeclaration id: 7 
java/lang/reflect/Type id: 8 
java/lang/Class id: 9 
java/lang/Cloneable id: 10 
java/lang/ClassLoader id: 11 
java/lang/System id: 12 
java/lang/Throwable id: 13 
java/lang/Error id: 14 
java/lang/ThreadDeath id: 15 
java/lang/Exception id: 16 
java/lang/RuntimeException id: 17 
java/lang/SecurityManager id: 18 
java/security/ProtectionDomain id: 19 
java/security/AccessControlContext id: 20 
java/security/SecureClassLoader id: 21 
java/lang/ReflectiveOperationException id: 22 
java/lang/ClassNotFoundException id: 23 
java/lang/LinkageError id: 24 
java/lang/NoClassDefFoundError id: 25 
java/lang/ClassCastException id: 26 
java/lang/ArrayStoreException id: 27 
java/lang/VirtualMachineError id: 28 
java/lang/OutOfMemoryError id: 29 
java/lang/StackOverflowError id: 30 
java/lang/IllegalMonitorStateException id: 31 
java/lang/ref/Reference id: 32 
java/lang/ref/SoftReference id: 33 
java/lang/ref/WeakReference id: 34 
java/lang/ref/FinalReference id: 35 
java/lang/ref/PhantomReference id: 36 
java/lang/ref/Finalizer id: 37 
java/lang/Runnable id: 38 
java/lang/Thread id: 39 
java/lang/Thread$UncaughtExceptionHandler id: 40 
java/lang/ThreadGroup id: 41 
java/util/Map id: 42 
java/util/Dictionary id: 43 
java/util/Hashtable id: 44 
java/util/Properties id: 45 
java/lang/Module id: 46 
java/lang/reflect/AccessibleObject id: 47 
java/lang/reflect/Member id: 48 
java/lang/reflect/Field id: 49 
java/lang/reflect/Parameter id: 50 
java/lang/reflect/Executable id: 51 
java/lang/reflect/Method id: 52 
java/lang/reflect/Constructor id: 53 
jdk/internal/reflect/MagicAccessorImpl id: 54 
jdk/internal/reflect/MethodAccessor id: 55 
jdk/internal/reflect/MethodAccessorImpl id: 56 
jdk/internal/reflect/ConstructorAccessor id: 57 
jdk/internal/reflect/ConstructorAccessorImpl id: 58 
jdk/internal/reflect/DelegatingClassLoader id: 59 
jdk/internal/reflect/ConstantPool id: 60 
jdk/internal/reflect/FieldAccessor id: 61 
jdk/internal/reflect/FieldAccessorImpl id: 62 
jdk/internal/reflect/UnsafeFieldAccessorImpl id: 63 
jdk/internal/reflect/UnsafeStaticFieldAccessorImpl id: 64 
java/lang/annotation/Annotation id: 65 
jdk/internal/reflect/CallerSensitive id: 66 
java/lang/invoke/MethodHandle id: 67 
java/lang/invoke/DirectMethodHandle id: 68 
java/lang/invoke/VarHandle id: 69 
java/lang/invoke/MemberName id: 70 
java/lang/invoke/ResolvedMethodName id: 71 
java/lang/invoke/MethodHandleNatives id: 72 
java/lang/invoke/LambdaForm id: 73 
java/lang/invoke/MethodType id: 74 
java/lang/BootstrapMethodError id: 75 
java/lang/invoke/CallSite id: 76 
java/lang/invoke/MethodHandleNatives$CallSiteContext id: 77 
java/lang/invoke/ConstantCallSite id: 78 
java/lang/invoke/MutableCallSite id: 79 
java/lang/invoke/VolatileCallSite id: 80 
java/lang/AssertionStatusDirectives id: 81 
java/lang/Appendable id: 82 
java/lang/AbstractStringBuilder id: 83 
java/lang/StringBuffer id: 84 
java/lang/StringBuilder id: 85 
jdk/internal/misc/Unsafe id: 86 
jdk/internal/module/Modules id: 87 
java/lang/AutoCloseable id: 88 
java/io/Closeable id: 89 
java/io/InputStream id: 90 
java/io/ByteArrayInputStream id: 91 
java/net/URL id: 92 
java/util/jar/Manifest id: 93 
jdk/internal/loader/ClassLoaders id: 94 
jdk/internal/loader/BuiltinClassLoader id: 95 
jdk/internal/loader/ClassLoaders$AppClassLoader id: 96 
jdk/internal/loader/ClassLoaders$PlatformClassLoader id: 97 
java/security/CodeSource id: 98 
java/lang/StackTraceElement id: 99 
java/nio/Buffer id: 100 
java/lang/StackWalker id: 101 
java/lang/StackStreamFactory$AbstractStackWalker id: 102 
java/lang/StackWalker$StackFrame id: 103 
java/lang/StackFrameInfo id: 104 
java/lang/LiveStackFrame id: 105 
java/lang/LiveStackFrameInfo id: 106 
java/util/concurrent/locks/AbstractOwnableSynchronizer id: 107 
java/lang/Boolean id: 108 
java/lang/Character id: 109 
java/lang/Number id: 110 
java/lang/Float id: 111 
java/lang/Double id: 112 
java/lang/Byte id: 113 
java/lang/Short id: 114 
java/lang/Integer id: 115 
java/lang/Long id: 116 
java/dyn/CoroutineSupport id: 117 
java/dyn/CoroutineBase id: 118 
com/alibaba/wisp/engine/WispTask id: 119 
java/dyn/Coroutine id: 120 
com/alibaba/wisp/engine/WispTask$CacheableCoroutine id: 121 
java/util/concurrent/Executor id: 122 
java/util/concurrent/ExecutorService id: 123 
java/util/concurrent/AbstractExecutorService id: 124 
com/alibaba/wisp/engine/WispControlGroup id: 125 
com/alibaba/wisp/engine/WispControlGroup$CpuLimit id: 126 
com/alibaba/rcm/ResourceContainer id: 127 
com/alibaba/rcm/internal/AbstractResourceContainer id: 128 
com/alibaba/wisp/engine/WispEngine id: 129 
com/alibaba/wisp/engine/WispCarrier id: 130 
com/alibaba/wisp/engine/WispEventPump id: 131 
com/alibaba/util/QuickStart id: 132 
com/alibaba/util/CDSDumpHook id: 133 
com/alibaba/util/AOTDumpHook id: 134 
com/alibaba/sat/SATRunnerHelper id: 135 
java/util/Iterator id: 136 
jdk/internal/vm/vector/VectorSupport id: 137 
jdk/internal/vm/vector/VectorSupport$VectorPayload id: 138 
jdk/internal/vm/vector/VectorSupport$Vector id: 139 
jdk/internal/vm/vector/VectorSupport$VectorMask id: 140 
jdk/internal/vm/vector/VectorSupport$VectorShuffle id: 141 
java/lang/NullPointerException id: 142 
java/lang/ArithmeticException id: 143 
java/io/ObjectStreamField id: 144 
java/util/Comparator id: 145 
java/lang/String$CaseInsensitiveComparator id: 146 
java/security/AccessController id: 147 
jdk/internal/misc/RCMAccesss id: 148 
com/alibaba/rcm/internal/AbstractResourceContainer$2 id: 149 
jdk/internal/misc/SharedSecrets id: 150 
jdk/internal/misc/UnsafeAccess id: 151 
jdk/internal/misc/Unsafe$1 id: 152 
java/util/function/Predicate id: 153 
com/alibaba/rcm/internal/AbstractResourceContainer$1 id: 154 
com/alibaba/rcm/internal/AbstractResourceContainer$RootContainer id: 155 
com/alibaba/rcm/ResourceContainerMonitor id: 156 
java/util/concurrent/ConcurrentMap id: 157 
java/util/AbstractMap id: 158 
java/util/concurrent/ConcurrentHashMap id: 159 
java/lang/Runtime id: 160 
java/util/concurrent/locks/Lock id: 161 
java/util/concurrent/locks/ReentrantLock id: 162 
java/util/concurrent/ConcurrentHashMap$Segment id: 163 
java/util/concurrent/ConcurrentHashMap$CounterCell id: 164 
java/util/Map$Entry id: 165 
java/util/concurrent/ConcurrentHashMap$Node id: 166 
java/util/concurrent/locks/LockSupport id: 167 
java/util/concurrent/ConcurrentHashMap$ReservationNode id: 168 
java/util/concurrent/atomic/AtomicLong id: 169 
java/lang/Long$LongCache id: 170 
jdk/internal/misc/VM id: 171 
java/lang/Iterable id: 172 
java/util/Collection id: 173 
java/util/Set id: 174 
java/util/AbstractCollection id: 175 
java/util/ImmutableCollections$AbstractImmutableCollection id: 176 
java/util/ImmutableCollections$AbstractImmutableSet id: 177 
java/util/ImmutableCollections$Set12 id: 178 
java/util/Objects id: 179 
java/security/PrivilegedAction id: 180 
jdk/internal/reflect/ReflectionFactory$GetReflectionFactoryAction id: 181 
jdk/internal/misc/JavaLangClassLoaderAccess id: 182 
java/lang/ClassLoader$1 id: 183 
java/security/cert/Certificate id: 184 
java/util/AbstractSet id: 185 
java/util/HashSet id: 186 
java/util/HashMap id: 187 
jdk/internal/reflect/ReflectionFactory id: 188 
java/lang/ref/Reference$ReferenceHandler id: 189 
jdk/internal/ref/Cleaner id: 190 
java/lang/ref/ReferenceQueue id: 191 
java/lang/ref/ReferenceQueue$Null id: 192 
java/lang/ref/ReferenceQueue$Lock id: 193 
jdk/internal/misc/JavaLangRefAccess id: 194 
java/lang/ref/Reference$1 id: 195 
java/lang/ref/Finalizer$FinalizerThread id: 196 
java/lang/StringLatin1 id: 197 
java/util/Properties$EntrySet id: 198 
java/util/concurrent/ConcurrentHashMap$CollectionView id: 199 
java/util/concurrent/ConcurrentHashMap$EntrySetView id: 200 
java/util/Collections id: 201 
java/util/Collections$EmptySet id: 202 
java/util/RandomAccess id: 203 
java/util/List id: 204 
java/util/AbstractList id: 205 
java/util/Collections$EmptyList id: 206 
java/util/Collections$EmptyMap id: 207 
java/util/Collections$SynchronizedCollection id: 208 
java/util/Collections$SynchronizedSet id: 209 
java/lang/reflect/Array id: 210 
java/util/concurrent/ConcurrentHashMap$Traverser id: 211 
java/util/concurrent/ConcurrentHashMap$BaseIterator id: 212 
java/util/concurrent/ConcurrentHashMap$EntryIterator id: 213 
java/util/concurrent/ConcurrentHashMap$MapEntry id: 214 
java/util/ImmutableCollections$AbstractImmutableMap id: 215 
java/util/ImmutableCollections$MapN id: 216 
java/lang/Math id: 217 
jdk/internal/util/StaticProperty id: 218 
java/lang/VersionProps id: 219 
com/alibaba/tenant/TenantGlobals id: 220 
java/io/FileInputStream id: 221 
java/io/FileDescriptor id: 222 
jdk/internal/misc/JavaIOFileDescriptorAccess id: 223 
java/io/FileDescriptor$1 id: 224 
java/io/Flushable id: 225 
java/io/OutputStream id: 226 
java/io/FileOutputStream id: 227 
java/io/FilterInputStream id: 228 
java/io/BufferedInputStream id: 229 
java/io/FilterOutputStream id: 230 
java/io/PrintStream id: 231 
java/io/BufferedOutputStream id: 232 
java/io/Writer id: 233 
java/io/OutputStreamWriter id: 234 
java/nio/charset/Charset id: 235 
java/nio/charset/spi/CharsetProvider id: 236 
sun/nio/cs/StandardCharsets id: 237 
java/lang/ThreadLocal id: 238 
java/util/concurrent/atomic/AtomicInteger id: 239 
sun/security/action/GetPropertyAction id: 240 
sun/nio/cs/HistoricallyNamedCharset id: 241 
sun/nio/cs/Unicode id: 242 
sun/nio/cs/UTF_8 id: 243 
sun/nio/cs/StreamEncoder id: 244 
java/nio/charset/CharsetEncoder id: 245 
sun/nio/cs/UTF_8$Encoder id: 246 
java/nio/charset/CodingErrorAction id: 247 
java/util/Arrays id: 248 
java/nio/ByteBuffer id: 249 
jdk/internal/misc/JavaNioAccess id: 250 
java/nio/Buffer$1 id: 251 
java/nio/HeapByteBuffer id: 252 
java/nio/ByteOrder id: 253 
java/io/BufferedWriter id: 254 
java/lang/Terminator id: 255 
jdk/internal/misc/Signal$Handler id: 256 
java/lang/Terminator$1 id: 257 
jdk/internal/misc/Signal id: 258 
java/util/Hashtable$Entry id: 259 
jdk/internal/misc/Signal$NativeHandler id: 260 
java/lang/Integer$IntegerCache id: 261 
jdk/internal/misc/OSEnvironment id: 262 
jdk/internal/misc/JavaLangAccess id: 263 
java/lang/System$2 id: 264 
java/io/File id: 265 
java/io/DefaultFileSystem id: 266 
java/io/FileSystem id: 267 
java/io/UnixFileSystem id: 268 
java/io/ExpiringCache id: 269 
java/util/LinkedHashMap id: 270 
java/io/ExpiringCache$1 id: 271 
java/lang/IllegalArgumentException id: 272 
java/lang/invoke/MethodHandleStatics id: 273 
java/lang/CharacterData id: 274 
java/lang/CharacterDataLatin1 id: 275 
jdk/internal/module/ModuleBootstrap id: 276 
java/lang/module/ModuleDescriptor id: 277 
jdk/internal/misc/JavaLangModuleAccess id: 278 
java/lang/module/ModuleDescriptor$1 id: 279 
java/util/ImmutableCollections id: 280 
jdk/internal/module/ModulePatcher id: 281 
java/util/ImmutableCollections$SetN id: 282 
jdk/internal/module/ArchivedModuleGraph id: 283 
jdk/internal/module/SystemModuleFinders id: 284 
java/net/URI id: 285 
jdk/internal/misc/JavaNetUriAccess id: 286 
java/net/URI$1 id: 287 
jdk/internal/module/SystemModulesMap id: 288 
jdk/internal/module/SystemModules id: 289 
jdk/internal/module/SystemModules$default id: 290 
jdk/internal/module/Builder id: 291 
java/lang/module/ModuleDescriptor$Requires id: 292 
java/lang/module/ModuleDescriptor$Exports id: 293 
java/lang/module/ModuleDescriptor$Opens id: 294 
java/lang/module/ModuleDescriptor$Provides id: 295 
java/util/ImmutableCollections$AbstractImmutableList id: 296 
java/util/ImmutableCollections$List12 id: 297 
java/lang/module/ModuleDescriptor$Version id: 298 
java/util/ArrayList id: 299 
java/lang/Enum id: 300 
java/lang/module/ModuleDescriptor$Modifier id: 301 
java/lang/module/ModuleDescriptor$Requires$Modifier id: 302 
java/util/ImmutableCollections$ListN id: 303 
jdk/internal/module/ModuleTarget id: 304 
jdk/internal/module/ModuleHashes id: 305 
jdk/internal/module/ModuleHashes$Builder id: 306 
java/util/HashMap$Node id: 307 
java/util/LinkedHashMap$Entry id: 308 
java/util/HashMap$TreeNode id: 309 
java/util/Collections$UnmodifiableMap id: 310 
jdk/internal/module/ModuleResolution id: 311 
java/lang/module/ModuleReference id: 312 
java/util/function/Supplier id: 313 
jdk/internal/module/SystemModuleFinders$2 id: 314 
jdk/internal/module/ModuleReferenceImpl id: 315 
java/util/KeyValueHolder id: 316 
jdk/internal/module/ModuleHashes$HashSupplier id: 317 
jdk/internal/module/SystemModuleFinders$3 id: 318 
java/lang/module/ModuleFinder id: 319 
jdk/internal/module/SystemModuleFinders$SystemModuleFinder id: 320 
jdk/internal/module/ModuleBootstrap$Counters id: 321 
java/util/Optional id: 322 
jdk/internal/loader/BootLoader id: 323 
jdk/internal/module/ServicesCatalog id: 324 
jdk/internal/loader/AbstractClassLoaderValue id: 325 
jdk/internal/loader/ClassLoaderValue id: 326 
jdk/internal/loader/ClassLoaders$BootClassLoader id: 327 
jdk/internal/reflect/Reflection id: 328 
java/lang/ClassLoader$ParallelLoaders id: 329 
java/util/WeakHashMap id: 330 
java/util/WeakHashMap$Entry id: 331 
java/util/Collections$SetFromMap id: 332 
java/util/WeakHashMap$KeySet id: 333 
jdk/internal/loader/URLClassPath id: 334 
java/net/URLStreamHandlerFactory id: 335 
java/net/URL$DefaultFactory id: 336 
jdk/internal/misc/JavaNetURLAccess id: 337 
java/net/URL$3 id: 338 
java/io/File$PathStatus id: 339 
java/io/ExpiringCache$Entry id: 340 
sun/net/www/ParseUtil id: 341 
java/net/URLStreamHandler id: 342 
sun/net/www/protocol/file/Handler id: 343 
java/lang/Class$ReflectionData id: 344 
java/lang/Class$Atomic id: 345 
java/lang/reflect/Modifier id: 346 
jdk/internal/reflect/LangReflectAccess id: 347 
java/lang/reflect/ReflectAccess id: 348 
java/lang/Class$1 id: 349 
jdk/internal/reflect/NativeConstructorAccessorImpl id: 350 
jdk/internal/reflect/DelegatingConstructorAccessorImpl id: 351 
sun/net/util/IPAddressUtil id: 352 
java/util/Queue id: 353 
java/util/Deque id: 354 
java/util/ArrayDeque id: 355 
jdk/internal/util/Preconditions id: 356 
java/util/Vector id: 357 
jdk/internal/misc/JavaSecurityAccess id: 358 
java/security/ProtectionDomain$JavaSecurityAccessImpl id: 359 
java/security/ProtectionDomain$Key id: 360 
java/security/Principal id: 361 
jdk/internal/loader/BuiltinClassLoader$LoadedModule id: 362 
sun/net/www/protocol/jrt/Handler id: 363 
java/util/ImmutableCollections$SetN$SetNIterator id: 364 
java/lang/module/Configuration id: 365 
java/lang/module/ResolvedModule id: 366 
java/util/AbstractMap$1 id: 367 
java/util/AbstractMap$1$1 id: 368 
java/util/ImmutableCollections$MapN$1 id: 369 
java/util/ImmutableCollections$MapN$MapNIterator id: 370 
java/util/ImmutableCollections$Set12$1 id: 371 
jdk/internal/module/ModuleLoaderMap id: 372 
java/util/function/Function id: 373 
jdk/internal/module/ModuleLoaderMap$Mapper id: 374 
java/util/concurrent/ConcurrentHashMap$ForwardingNode id: 375 
java/lang/ModuleLayer id: 376 
java/util/ListIterator id: 377 
java/util/ImmutableCollections$ListItr id: 378 
java/util/ArrayList$Itr id: 379 
java/util/Collections$UnmodifiableCollection id: 380 
java/util/Collections$UnmodifiableSet id: 381 
java/util/Collections$UnmodifiableCollection$1 id: 382 
java/util/concurrent/CopyOnWriteArrayList id: 383 
jdk/internal/module/ServicesCatalog$ServiceProvider id: 384 
java/util/HashMap$KeySet id: 385 
java/util/HashMap$HashIterator id: 386 
java/util/HashMap$KeyIterator id: 387 
java/lang/ModuleLayer$Controller id: 388 
java/lang/invoke/LambdaMetafactory id: 389 
java/lang/invoke/MethodHandles$Lookup id: 390 
java/lang/invoke/MethodType$ConcurrentWeakInternSet id: 391 
java/lang/invoke/MethodType$ConcurrentWeakInternSet$WeakEntry id: 392 
java/lang/Void id: 393 
java/lang/invoke/MethodTypeForm id: 394 
java/lang/invoke/MethodHandles id: 395 
java/lang/invoke/MemberName$Factory id: 396 
java/security/Guard id: 397 
java/security/Permission id: 398 
java/security/BasicPermission id: 399 
java/lang/reflect/ReflectPermission id: 400 
sun/invoke/util/VerifyAccess id: 401 
sun/invoke/util/Wrapper id: 402 
sun/invoke/util/Wrapper$Format id: 403 
java/lang/invoke/LambdaForm$NamedFunction id: 404 
java/lang/invoke/DirectMethodHandle$Holder id: 405 
sun/invoke/util/ValueConversions id: 406 
java/lang/invoke/MethodHandleImpl id: 407 
java/lang/invoke/Invokers id: 408 
java/lang/invoke/LambdaForm$Kind id: 409 
java/lang/NoSuchMethodException id: 410 
java/lang/invoke/LambdaForm$BasicType id: 411 
java/lang/invoke/LambdaForm$Name id: 412 
java/lang/invoke/LambdaForm$Holder id: 413 
java/lang/invoke/MethodHandleImpl$Intrinsic id: 414 
java/lang/invoke/InvokerBytecodeGenerator id: 415 
java/lang/invoke/InvokerBytecodeGenerator$2 id: 416 
java/lang/invoke/BootstrapMethodInvoker id: 417 
java/lang/invoke/Invokers$Holder id: 418 
jdk/internal/misc/JavaLangInvokeAccess id: 419 
java/lang/invoke/MethodHandleImpl$1 id: 420 
java/lang/invoke/AbstractValidatingLambdaMetafactory id: 421 
java/lang/invoke/InnerClassLambdaMetafactory id: 422 
jdk/internal/org/objectweb/asm/Type id: 423 
sun/security/action/GetBooleanAction id: 424 
java/lang/invoke/MethodHandleInfo id: 425 
java/lang/invoke/InfoFromMemberName id: 426 
sun/invoke/util/BytecodeDescriptor id: 427 
jdk/internal/org/objectweb/asm/ClassVisitor id: 428 
jdk/internal/org/objectweb/asm/ClassWriter id: 429 
jdk/internal/org/objectweb/asm/ByteVector id: 430 
jdk/internal/org/objectweb/asm/Item id: 431 
jdk/internal/org/objectweb/asm/MethodVisitor id: 432 
jdk/internal/org/objectweb/asm/MethodWriter id: 433 
jdk/internal/org/objectweb/asm/Label id: 434 
jdk/internal/org/objectweb/asm/Frame id: 435 
jdk/internal/org/objectweb/asm/AnnotationVisitor id: 436 
jdk/internal/org/objectweb/asm/AnnotationWriter id: 437 
java/lang/invoke/TypeConvertingMethodAdapter id: 438 
java/lang/invoke/InnerClassLambdaMetafactory$ForwardingMethodGenerator id: 439 
java/lang/invoke/InnerClassLambdaMetafactory$1 id: 440 
java/lang/invoke/BoundMethodHandle id: 441 
java/lang/invoke/ClassSpecializer id: 442 
java/lang/invoke/BoundMethodHandle$Specializer id: 443 
java/lang/invoke/ClassSpecializer$1 id: 444 
java/lang/invoke/ClassSpecializer$SpeciesData id: 445 
java/lang/invoke/BoundMethodHandle$SpeciesData id: 446 
java/util/ImmutableCollections$SubList id: 447 
java/lang/invoke/ClassSpecializer$Factory id: 448 
java/lang/invoke/BoundMethodHandle$Specializer$Factory id: 449 
java/lang/invoke/SimpleMethodHandle id: 450 
java/lang/NoSuchFieldException id: 451 
java/lang/invoke/BoundMethodHandle$Species_L id: 452 
sun/invoke/util/VerifyType id: 453 
sun/invoke/empty/Empty id: 454 
java/lang/invoke/DirectMethodHandle$1 id: 455 
java/lang/invoke/DirectMethodHandle$Accessor id: 456 
sun/invoke/util/Wrapper$1 id: 457 
java/lang/invoke/DelegatingMethodHandle id: 458 
java/lang/invoke/MethodHandleImpl$IntrinsicMethodHandle id: 459 
java/lang/invoke/DelegatingMethodHandle$Holder id: 460 
java/lang/invoke/LambdaFormEditor id: 461 
java/lang/invoke/LambdaFormEditor$Transform id: 462 
java/lang/invoke/LambdaFormBuffer id: 463 
java/lang/invoke/InvokerBytecodeGenerator$CpPatch id: 464 
jdk/internal/ref/CleanerFactory id: 465 
java/util/concurrent/ThreadFactory id: 466 
jdk/internal/ref/CleanerFactory$1 id: 467 
java/lang/ref/Cleaner id: 468 
java/lang/ref/Cleaner$1 id: 469 
jdk/internal/ref/CleanerImpl id: 470 
java/lang/ref/Cleaner$Cleanable id: 471 
jdk/internal/ref/PhantomCleanable id: 472 
jdk/internal/ref/CleanerImpl$PhantomCleanableRef id: 473 
jdk/internal/ref/WeakCleanable id: 474 
jdk/internal/ref/CleanerImpl$WeakCleanableRef id: 475 
jdk/internal/ref/SoftCleanable id: 476 
jdk/internal/ref/CleanerImpl$SoftCleanableRef id: 477 
jdk/internal/ref/CleanerImpl$CleanerCleanable id: 478 
jdk/internal/misc/InnocuousThread id: 479 
java/util/HashMap$EntrySet id: 480 
java/util/HashMap$EntryIterator id: 481 
java/util/ArrayList$SubList id: 482 
java/lang/Module$ReflectionData id: 483 
java/lang/WeakPairMap id: 484 
java/lang/WeakPairMap$Pair id: 485 
java/lang/WeakPairMap$Pair$Lookup id: 486 
java/util/function/BiFunction id: 487 
java/lang/WeakPairMap$WeakRefPeer id: 488 
java/lang/WeakPairMap$Pair$Weak id: 489 
java/lang/WeakPairMap$Pair$Weak$1 id: 490 
jdk/internal/org/objectweb/asm/FieldVisitor id: 491 
jdk/internal/org/objectweb/asm/FieldWriter id: 492 
jdk/internal/module/IllegalAccessLogger$Mode id: 493 
jdk/internal/module/IllegalAccessLogger$Builder id: 494 
java/util/HashMap$Values id: 495 
java/util/HashMap$ValueIterator id: 496 
jdk/internal/module/ModuleBootstrap$2 id: 497 
jdk/internal/module/IllegalAccessLogger id: 498 
com/alibaba/util/Utils id: 499 
java/nio/file/Watchable id: 500 
java/nio/file/Path id: 501 
java/nio/file/FileSystems id: 502 
java/nio/file/FileSystems$DefaultFileSystemHolder id: 503 
java/nio/file/FileSystems$DefaultFileSystemHolder$1 id: 504 
sun/nio/fs/DefaultFileSystemProvider id: 505 
java/nio/file/spi/FileSystemProvider id: 506 
sun/nio/fs/AbstractFileSystemProvider id: 507 
sun/nio/fs/UnixFileSystemProvider id: 508 
sun/nio/fs/LinuxFileSystemProvider id: 509 
java/nio/file/OpenOption id: 510 
java/nio/file/StandardOpenOption id: 511 
java/nio/file/FileSystem id: 512 
sun/nio/fs/UnixFileSystem id: 513 
sun/nio/fs/LinuxFileSystem id: 514 
sun/nio/fs/UnixPath id: 515 
sun/nio/fs/Util id: 516 
java/lang/StringCoding id: 517 
sun/nio/cs/ISO_8859_1 id: 518 
sun/nio/cs/US_ASCII id: 519 
java/lang/StringCoding$1 id: 520 
sun/nio/fs/UnixNativeDispatcher id: 521 
sun/nio/fs/UnixNativeDispatcher$1 id: 522 
java/lang/ClassLoader$3 id: 523 
java/lang/ClassLoader$NativeLibrary id: 524 
java/util/ArrayDeque$DeqIterator id: 525 
java/util/concurrent/ConcurrentHashMap$ValuesView id: 526 
java/util/Enumeration id: 527 
java/util/concurrent/ConcurrentHashMap$ValueIterator id: 528 
java/nio/file/attribute/BasicFileAttributes id: 529 
java/nio/file/attribute/PosixFileAttributes id: 530 
sun/nio/fs/UnixFileAttributes id: 531 
sun/nio/fs/UnixFileStoreAttributes id: 532 
sun/nio/fs/UnixMountEntry id: 533 
java/lang/ThreadLocal$ThreadLocalMap id: 534 
java/lang/ThreadLocal$ThreadLocalMap$Entry id: 535 
jdk/internal/misc/TerminatingThreadLocal id: 536 
java/lang/Readable id: 537 
java/nio/CharBuffer id: 538 
java/nio/HeapCharBuffer id: 539 
java/nio/charset/CoderResult id: 540 
java/net/URI$Parser id: 541 
java/lang/StringCoding$Result id: 542 
java/io/FileCleanable id: 543 
java/util/Properties$LineReader id: 544 
java/lang/StringUTF16 id: 545 
java/io/FileInputStream$1 id: 546 
com/alibaba/cds/CDSDumperHelper id: 547 
com/alibaba/aot/AOTDumperHelper id: 548 
com/alibaba/util/QuickStart$QuickStartRole id: 549 
java/lang/ApplicationShutdownHooks id: 550 
java/lang/ApplicationShutdownHooks$1 id: 551 
java/lang/Shutdown id: 552 
java/lang/Shutdown$Lock id: 553 
java/util/IdentityHashMap id: 554 
com/alibaba/util/CDSDumpHook$Info id: 555 
sun/launcher/LauncherHelper id: 556 
sun/net/util/URLUtil id: 557 
java/util/Locale id: 558 
sun/util/locale/LocaleObjectCache id: 559 
java/util/Locale$Cache id: 560 
sun/util/locale/BaseLocale id: 561 
sun/util/locale/BaseLocale$Cache id: 562 
sun/util/locale/BaseLocale$Key id: 563 
sun/util/locale/LocaleObjectCache$CacheEntry id: 564 
sun/util/locale/LocaleUtils id: 565 
sun/util/locale/InternalLocaleBuilder id: 566 
sun/util/locale/InternalLocaleBuilder$CaseInsensitiveChar id: 567 
java/security/PrivilegedExceptionAction id: 568 
jdk/internal/loader/URLClassPath$3 id: 569 
jdk/internal/loader/URLClassPath$Loader id: 570 
jdk/internal/loader/URLClassPath$FileLoader id: 571 
jdk/internal/loader/Resource id: 572 
jdk/internal/loader/URLClassPath$FileLoader$1 id: 573 
java/lang/NamedPackage id: 574 
java/lang/Package id: 575 
java/lang/Package$VersionInfo id: 576 
sun/nio/ByteBuffered id: 577 
java/security/SecureClassLoader$CodeSourceKey id: 578 
java/security/SecureClassLoader$1 id: 579 
java/security/PermissionCollection id: 580 
sun/security/util/LazyCodeSourcePermissionCollection id: 581 
java/security/Permissions id: 582 
java/lang/RuntimePermission id: 583 
java/security/Permissions$1 id: 584 
java/security/BasicPermissionCollection id: 585 
java/security/AllPermission id: 586 
java/security/UnresolvedPermission id: 587 
java/security/SecureClassLoader$DebugHolder id: 588 
sun/security/util/Debug id: 589 
com/aliyun/serverless/runtime/Bootstrap id: 590 
com/aliyun/serverless/runtime/logging/InternalLoggerFactory id: 591 
com/aliyun/serverless/runtime/logging/FcLoggerFactory id: 592 
com/aliyun/serverless/runtime/client/Client id: 593 
com/aliyun/serverless/runtime/handler/Handler id: 594 
java/util/concurrent/BlockingQueue id: 595 
java/lang/PublicMethods$MethodList id: 596 
java/lang/PublicMethods$Key id: 597 
java/lang/IllegalStateException id: 598 
com/aliyun/serverless/runtime/logging/encoder/Encoder id: 599 
com/aliyun/serverless/runtime/logging/Appender id: 600 
com/aliyun/serverless/runtime/logging/InternalLogger id: 601 
java/util/Collections$SingletonList id: 602 
com/aliyun/serverless/runtime/logging/OutputStreamAppender id: 603 
java/io/IOException id: 604 
com/aliyun/serverless/runtime/logging/encoder/SysLogEncoder id: 605 
java/time/temporal/TemporalAccessor id: 606 
com/aliyun/serverless/runtime/logging/SysLogOutputStream id: 607 
com/aliyun/serverless/runtime/logging/SysLogOutputStream$SysLogOutputStreamHolder id: 608 
java/lang/ProcessEnvironment id: 609 
java/lang/ProcessEnvironment$ExternalData id: 610 
java/lang/ProcessEnvironment$Variable id: 611 
java/lang/ProcessEnvironment$Value id: 612 
java/lang/ProcessEnvironment$StringEnvironment id: 613 
java/util/concurrent/locks/AbstractQueuedSynchronizer id: 614 
java/util/concurrent/locks/ReentrantLock$Sync id: 615 
java/util/concurrent/locks/ReentrantLock$NonfairSync id: 616 
java/lang/invoke/VarHandles id: 617 
java/lang/invoke/VarHandleInts$FieldInstanceReadOnly id: 618 
java/lang/invoke/VarHandleInts$FieldInstanceReadWrite id: 619 
java/lang/invoke/VarHandle$1 id: 620 
jdk/internal/util/Preconditions$1 id: 621 
java/lang/invoke/VarHandleGuards id: 622 
java/lang/invoke/VarForm id: 623 
java/lang/invoke/VarHandle$AccessType id: 624 
java/lang/invoke/VarHandle$AccessMode id: 625 
java/util/concurrent/locks/AbstractQueuedSynchronizer$Node id: 626 
java/lang/invoke/VarHandleObjects$FieldInstanceReadOnly id: 627 
java/lang/invoke/VarHandleObjects$FieldInstanceReadWrite id: 628 
com/aliyun/serverless/runtime/logging/encoder/UserLogEncoder id: 629 
com/aliyun/serverless/runtime/logging/AbstractInternalLogger id: 630 
com/aliyun/serverless/runtime/logging/Logger id: 631 
com/aliyun/serverless/runtime/logging/Level id: 632 
com/aliyun/serverless/runtime/logging/MultipleAppender id: 633 
java/util/Arrays$ArrayList id: 634 
java/util/Collections$UnmodifiableList id: 635 
java/util/Collections$UnmodifiableRandomAccessList id: 636 
com/aliyun/serverless/runtime/logging/LoggingEvent id: 637 
com/aliyun/serverless/runtime/logging/throwable/IThrowableProxy id: 638 
com/aliyun/serverless/runtime/logging/LoggingEvent$EventArgUtil id: 639 
com/aliyun/serverless/runtime/logging/Constants id: 640 
java/time/format/DateTimeFormatter id: 641 
java/time/format/DateTimeFormatterBuilder id: 642 
java/time/ZoneId id: 643 
java/time/temporal/TemporalQuery id: 644 
java/lang/Character$CharacterCache id: 645 
java/time/temporal/TemporalField id: 646 
java/time/temporal/ChronoField id: 647 
java/time/temporal/TemporalUnit id: 648 
java/time/temporal/ChronoUnit id: 649 
java/time/temporal/TemporalAmount id: 650 
java/time/Duration id: 651 
java/math/BigInteger id: 652 
java/time/temporal/ValueRange id: 653 
java/time/temporal/IsoFields id: 654 
java/time/temporal/IsoFields$Field id: 655 
java/time/temporal/IsoFields$Field$1 id: 656 
java/time/temporal/IsoFields$Field$2 id: 657 
java/time/temporal/IsoFields$Field$3 id: 658 
java/time/temporal/IsoFields$Field$4 id: 659 
java/time/temporal/IsoFields$Unit id: 660 
java/time/temporal/JulianFields id: 661 
java/time/temporal/JulianFields$Field id: 662 
java/time/format/DateTimeFormatterBuilder$2 id: 663 
java/time/format/SignStyle id: 664 
java/time/format/DateTimeFormatterBuilder$DateTimePrinterParser id: 665 
java/time/format/DateTimeFormatterBuilder$NumberPrinterParser id: 666 
java/time/format/DateTimeFormatterBuilder$CharLiteralPrinterParser id: 667 
java/time/format/ResolverStyle id: 668 
java/time/chrono/Chronology id: 669 
java/time/chrono/AbstractChronology id: 670 
java/time/chrono/IsoChronology id: 671 
java/util/Locale$Category id: 672 
java/util/Locale$1 id: 673 
java/time/format/DateTimeFormatterBuilder$CompositePrinterParser id: 674 
java/time/format/DecimalStyle id: 675 
java/time/format/DateTimeFormatterBuilder$SettingsParser id: 676 
java/time/format/DateTimeFormatterBuilder$OffsetIdPrinterParser id: 677 
java/time/format/DateTimeFormatterBuilder$FractionPrinterParser id: 678 
java/time/format/DateTimeFormatterBuilder$ZoneIdPrinterParser id: 679 
java/time/format/DateTimeFormatterBuilder$StringLiteralPrinterParser id: 680 
java/time/format/DateTimeFormatterBuilder$InstantPrinterParser id: 681 
java/time/format/TextStyle id: 682 
java/util/Collections$SingletonMap id: 683 
java/time/format/DateTimeTextProvider$LocaleStore id: 684 
java/util/AbstractMap$SimpleImmutableEntry id: 685 
java/util/Collections$SingletonSet id: 686 
java/util/Collections$1 id: 687 
java/util/LinkedHashMap$LinkedEntrySet id: 688 
java/util/LinkedHashMap$LinkedHashIterator id: 689 
java/util/LinkedHashMap$LinkedEntryIterator id: 690 
java/time/format/DateTimeTextProvider id: 691 
java/time/format/DateTimeTextProvider$1 id: 692 
java/util/Arrays$LegacyMergeSort id: 693 
java/util/TimSort id: 694 
java/time/format/DateTimeFormatterBuilder$1 id: 695 
java/time/format/DateTimeFormatterBuilder$TextPrinterParser id: 696 
java/time/chrono/ChronoPeriod id: 697 
java/time/Period id: 698 
java/util/TimeZone id: 699 
sun/util/calendar/ZoneInfo id: 700 
sun/util/calendar/ZoneInfoFile id: 701 
sun/util/calendar/ZoneInfoFile$1 id: 702 
java/io/DataInput id: 703 
java/io/DataInputStream id: 704 
sun/util/calendar/ZoneInfoFile$ZoneOffsetTransitionRule id: 705 
java/time/ZoneRegion id: 706 
java/time/zone/ZoneRulesProvider id: 707 
java/time/zone/ZoneRulesProvider$1 id: 708 
java/time/zone/TzdbZoneRulesProvider id: 709 
java/util/Arrays$ArrayItr id: 710 
java/util/concurrent/ConcurrentHashMap$KeySetView id: 711 
java/util/concurrent/ConcurrentHashMap$KeyIterator id: 712 
java/util/ServiceLoader id: 713 
java/util/ServiceLoader$ModuleServicesLookupIterator id: 714 
jdk/internal/loader/AbstractClassLoaderValue$Memoizer id: 715 
java/util/Spliterators id: 716 
java/util/Spliterator id: 717 
java/util/Spliterators$EmptySpliterator id: 718 
java/util/Spliterators$EmptySpliterator$OfRef id: 719 
java/util/Spliterator$OfPrimitive id: 720 
java/util/Spliterator$OfInt id: 721 
java/util/Spliterators$EmptySpliterator$OfInt id: 722 
java/util/Spliterator$OfLong id: 723 
java/util/Spliterators$EmptySpliterator$OfLong id: 724 
java/util/Spliterator$OfDouble id: 725 
java/util/Spliterators$EmptySpliterator$OfDouble id: 726 
java/util/Spliterators$ArraySpliterator id: 727 
java/util/stream/StreamSupport id: 728 
java/util/stream/BaseStream id: 729 
java/util/stream/Stream id: 730 
java/util/stream/PipelineHelper id: 731 
java/util/stream/AbstractPipeline id: 732 
java/util/stream/ReferencePipeline id: 733 
java/util/stream/ReferencePipeline$Head id: 734 
java/util/stream/StreamOpFlag id: 735 
java/util/stream/StreamOpFlag$Type id: 736 
java/util/stream/StreamOpFlag$MaskBuilder id: 737 
java/util/EnumMap id: 738 
java/util/EnumMap$1 id: 739 
java/lang/Class$3 id: 740 
sun/reflect/annotation/AnnotationParser id: 741 
jdk/internal/reflect/NativeMethodAccessorImpl id: 742 
jdk/internal/reflect/DelegatingMethodAccessorImpl id: 743 
java/util/function/Consumer id: 744 
java/util/Spliterators$1Adapter id: 745 
java/util/ServiceLoader$LazyClassPathLookupIterator id: 746 
java/util/ServiceLoader$2 id: 747 
java/util/ServiceLoader$3 id: 748 
jdk/internal/module/Resources id: 749 
jdk/internal/loader/BuiltinClassLoader$2 id: 750 
jdk/internal/loader/BuiltinClassLoader$5 id: 751 
java/lang/module/ModuleReader id: 752 
jdk/internal/module/SystemModuleFinders$SystemModuleReader id: 753 
jdk/internal/module/SystemModuleFinders$SystemImage id: 754 
jdk/internal/jimage/ImageReaderFactory id: 755 
java/nio/file/Paths id: 756 
jdk/internal/jimage/ImageReaderFactory$1 id: 757 
jdk/internal/jimage/ImageReader id: 758 
jdk/internal/jimage/BasicImageReader id: 759 
jdk/internal/jimage/ImageReader$SharedImageReader id: 760 
jdk/internal/jimage/BasicImageReader$1 id: 761 
jdk/internal/jimage/NativeImageBuffer id: 762 
jdk/internal/jimage/NativeImageBuffer$1 id: 763 
sun/nio/ch/DirectBuffer id: 764 
java/nio/MappedByteBuffer id: 765 
java/nio/DirectByteBuffer id: 766 
java/nio/Bits id: 767 
jdk/internal/misc/JavaNioAccess$BufferPool id: 768 
java/nio/Bits$1 id: 769 
jdk/internal/jimage/ImageHeader id: 770 
java/nio/IntBuffer id: 771 
java/nio/DirectIntBufferU id: 772 
java/nio/DirectByteBufferR id: 773 
java/nio/DirectIntBufferRU id: 774 
jdk/internal/jimage/ImageStrings id: 775 
jdk/internal/jimage/ImageStringsReader id: 776 
jdk/internal/jimage/decompressor/Decompressor id: 777 
jdk/internal/jimage/ImageLocation id: 778 
java/util/Collections$EmptyIterator id: 779 
jdk/internal/loader/URLClassPath$1 id: 780 
jdk/internal/loader/BuiltinClassLoader$1 id: 781 
java/util/Collections$EmptyEnumeration id: 782 
java/lang/CompoundEnumeration id: 783 
jdk/internal/loader/URLClassPath$JarLoader id: 784 
java/util/zip/ZipConstants id: 785 
java/util/zip/ZipFile id: 786 
jdk/internal/misc/JavaUtilZipFileAccess id: 787 
java/util/zip/ZipFile$1 id: 788 
sun/net/www/protocol/jar/Handler id: 789 
jdk/internal/loader/URLClassPath$JarLoader$1 id: 790 
jdk/internal/loader/FileURLMapper id: 791 
java/util/jar/JarFile id: 792 
jdk/internal/misc/JavaUtilJarAccess id: 793 
java/util/jar/JavaUtilJarAccessImpl id: 794 
java/lang/Runtime$Version id: 795 
java/util/zip/ZipCoder id: 796 
java/util/zip/ZipCoder$UTF8 id: 797 
java/util/zip/ZipFile$CleanableResource id: 798 
java/util/zip/ZipFile$Source id: 799 
java/util/zip/ZipFile$Source$Key id: 800 
java/nio/file/CopyOption id: 801 
java/nio/file/LinkOption id: 802 
java/nio/file/Files id: 803 
java/nio/file/attribute/DosFileAttributes id: 804 
java/nio/file/attribute/AttributeView id: 805 
java/nio/file/attribute/FileAttributeView id: 806 
java/nio/file/attribute/BasicFileAttributeView id: 807 
java/nio/file/attribute/DosFileAttributeView id: 808 
java/nio/file/attribute/UserDefinedFileAttributeView id: 809 
sun/nio/fs/UnixFileAttributeViews id: 810 
sun/nio/fs/DynamicFileAttributeView id: 811 
sun/nio/fs/AbstractBasicFileAttributeView id: 812 
sun/nio/fs/UnixFileAttributeViews$Basic id: 813 
sun/nio/fs/NativeBuffers id: 814 
sun/nio/fs/NativeBuffers$1 id: 815 
jdk/internal/misc/TerminatingThreadLocal$1 id: 816 
java/util/IdentityHashMap$KeySet id: 817 
sun/nio/fs/NativeBuffer id: 818 
sun/nio/fs/NativeBuffer$Deallocator id: 819 
sun/nio/fs/UnixFileAttributes$UnixAsBasicFileAttributes id: 820 
java/util/concurrent/TimeUnit id: 821 
java/nio/file/attribute/FileTime id: 822 
java/io/DataOutput id: 823 
java/io/RandomAccessFile id: 824 
jdk/internal/misc/JavaIORandomAccessFileAccess id: 825 
java/io/RandomAccessFile$2 id: 826 
java/util/concurrent/atomic/AtomicBoolean id: 827 
java/util/zip/ZipFile$Source$End id: 828 
java/util/zip/ZipUtils id: 829 
jdk/internal/perf/PerfCounter id: 830 
jdk/internal/perf/Perf$GetPerfAction id: 831 
jdk/internal/perf/Perf id: 832 
jdk/internal/perf/PerfCounter$CoreCounters id: 833 
java/nio/LongBuffer id: 834 
java/nio/DirectLongBufferU id: 835 
jdk/internal/util/jar/JarIndex id: 836 
java/util/jar/JarFile$1 id: 837 
java/util/zip/ZipEntry id: 838 
java/util/jar/JarEntry id: 839 
java/util/jar/JarFile$JarFileEntry id: 840 
java/util/zip/ZipFile$ZipFileInputStream id: 841 
java/util/zip/InflaterInputStream id: 842 
java/util/zip/ZipFile$ZipFileInflaterInputStream id: 843 
java/util/zip/Inflater id: 844 
java/util/zip/Inflater$InflaterZStreamRef id: 845 
java/util/zip/ZipFile$InflaterCleanupAction id: 846 
java/io/Externalizable id: 847 
java/time/zone/Ser id: 848 
java/time/zone/ZoneRules id: 849 
java/time/zone/ZoneOffsetTransitionRule id: 850 
java/time/temporal/Temporal id: 851 
java/time/temporal/TemporalAdjuster id: 852 
java/time/chrono/ChronoLocalDateTime id: 853 
java/time/LocalDateTime id: 854 
java/time/ZoneOffset id: 855 
java/time/Instant id: 856 
java/time/format/DateTimePrintContext id: 857 
java/time/temporal/TemporalQueries id: 858 
java/time/temporal/TemporalQueries$1 id: 859 
java/time/temporal/TemporalQueries$2 id: 860 
java/time/temporal/TemporalQueries$3 id: 861 
java/time/temporal/TemporalQueries$4 id: 862 
java/time/temporal/TemporalQueries$5 id: 863 
java/time/temporal/TemporalQueries$6 id: 864 
java/time/temporal/TemporalQueries$7 id: 865 
java/time/chrono/ChronoZonedDateTime id: 866 
java/time/ZonedDateTime id: 867 
java/time/chrono/ChronoLocalDate id: 868 
java/time/LocalDate id: 869 
java/time/LocalTime id: 870 
java/time/ZonedDateTime$1 id: 871 
java/time/LocalDate$1 id: 872 
java/time/format/DateTimeFormatterBuilder$3 id: 873 
java/time/LocalTime$1 id: 874 
java/math/BigDecimal id: 875 
java/math/BigDecimal$1 id: 876 
java/math/RoundingMode id: 877 
java/nio/charset/StandardCharsets id: 878 
sun/nio/cs/UTF_16BE id: 879 
sun/nio/cs/UTF_16LE id: 880 
sun/nio/cs/UTF_16 id: 881 
java/io/ByteArrayOutputStream id: 882 
java/lang/invoke/VarHandle$AccessDescriptor id: 883 
com/aliyun/serverless/runtime/util/BootstrapUtil id: 884 
com/aliyun/serverless/runtime/logging/helpers/MessageFormatter id: 885 
com/aliyun/serverless/runtime/logging/helpers/FormattingTuple id: 886 
com/aliyun/serverless/runtime/client/RapisClient id: 887 
com/aliyun/serverless/runtime/client/NativeLibraryLoader id: 888 
java/lang/UnsatisfiedLinkError id: 889 
java/io/FileNotFoundException id: 890 
java/lang/ClassLoaderHelper id: 891 
java/io/File$TempDirectory id: 892 
java/util/Random id: 893 
java/security/SecureRandom id: 894 
sun/security/jca/Providers id: 895 
java/lang/InheritableThreadLocal id: 896 
sun/security/jca/ProviderList id: 897 
sun/security/jca/ProviderConfig id: 898 
java/security/Provider id: 899 
sun/security/jca/ProviderList$3 id: 900 
sun/security/jca/ProviderList$1 id: 901 
java/security/Provider$ServiceKey id: 902 
java/security/Provider$EngineDescription id: 903 
jdk/internal/math/FloatingDecimal id: 904 
jdk/internal/math/FloatingDecimal$BinaryToASCIIConverter id: 905 
jdk/internal/math/FloatingDecimal$ExceptionalBinaryToASCIIBuffer id: 906 
jdk/internal/math/FloatingDecimal$BinaryToASCIIBuffer id: 907 
jdk/internal/math/FloatingDecimal$1 id: 908 
jdk/internal/math/FloatingDecimal$ASCIIToBinaryConverter id: 909 
jdk/internal/math/FloatingDecimal$PreparedASCIIToBinaryBuffer id: 910 
jdk/internal/math/FloatingDecimal$ASCIIToBinaryBuffer id: 911 
sun/security/jca/ProviderList$2 id: 912 
java/security/Security id: 913 
java/security/Security$1 id: 914 
java/util/AbstractList$Itr id: 915 
sun/security/provider/Sun id: 916 
sun/security/util/SecurityConstants id: 917 
java/net/NetPermission id: 918 
java/security/SecurityPermission id: 919 
java/net/SocketPermission id: 920 
sun/security/provider/SunEntries id: 921 
sun/security/provider/SunEntries$1 id: 922 
java/security/SecureRandomSpi id: 923 
sun/security/provider/NativePRNG id: 924 
sun/security/provider/NativePRNG$Variant id: 925 
sun/security/provider/NativePRNG$1 id: 926 
sun/security/provider/NativePRNG$2 id: 927 
sun/security/provider/NativePRNG$RandomIO id: 928 
sun/security/provider/FileInputStreamPool id: 929 
sun/security/provider/FileInputStreamPool$UnclosableInputStream id: 930 
sun/security/provider/FileInputStreamPool$StreamRef id: 931 
java/util/LinkedHashSet id: 932 
java/security/Provider$Service id: 933 
java/security/Provider$UString id: 934 
sun/security/provider/NativePRNG$Blocking id: 935 
sun/security/provider/NativePRNG$NonBlocking id: 936 
java/util/LinkedHashMap$LinkedKeySet id: 937 
java/util/LinkedHashMap$LinkedKeyIterator id: 938 
java/security/SecureRandomParameters id: 939 
sun/security/provider/DRBG id: 940 
java/security/DrbgParameters$Capability id: 941 
sun/security/provider/MoreDrbgParameters id: 942 
java/security/DrbgParameters id: 943 
java/security/DrbgParameters$Instantiation id: 944 
sun/security/provider/AbstractDrbg id: 945 
sun/security/provider/AbstractHashDrbg id: 946 
sun/security/provider/HashDrbg id: 947 
sun/reflect/misc/ReflectUtil id: 948 
java/lang/IncompatibleClassChangeError id: 949 
java/lang/NoSuchMethodError id: 950 
sun/security/provider/EntropySource id: 951 
java/security/DrbgParameters$NextBytes id: 952 
sun/security/provider/AbstractDrbg$SeederHolder id: 953 
sun/security/provider/SeedGenerator id: 954 
sun/security/provider/SeedGenerator$URLSeedGenerator id: 955 
sun/security/provider/SeedGenerator$URLSeedGenerator$1 id: 956 
java/security/MessageDigestSpi id: 957 
java/security/MessageDigest id: 958 
sun/security/jca/GetInstance id: 959 
sun/security/provider/DigestBase id: 960 
sun/security/provider/SHA id: 961 
sun/security/jca/GetInstance$Instance id: 962 
sun/security/util/MessageDigestSpi2 id: 963 
java/security/MessageDigest$Delegate id: 964 
sun/security/provider/SeedGenerator$1 id: 965 
sun/security/provider/ByteArrayAccess id: 966 
java/net/NetworkInterface id: 967 
java/net/NetworkInterface$1 id: 968 
java/net/InterfaceAddress id: 969 
java/net/InetAddress id: 970 
java/net/InetAddress$1 id: 971 
jdk/internal/misc/JavaNetInetAddressAccess id: 972 
java/net/InetAddress$2 id: 973 
java/net/InetAddress$InetAddressHolder id: 974 
java/util/SortedSet id: 975 
java/util/NavigableSet id: 976 
java/util/concurrent/ConcurrentSkipListSet id: 977 
java/util/SortedMap id: 978 
java/util/NavigableMap id: 979 
java/util/concurrent/ConcurrentNavigableMap id: 980 
java/util/concurrent/ConcurrentSkipListMap id: 981 
java/util/concurrent/ConcurrentSkipListMap$Index id: 982 
java/util/concurrent/atomic/Striped64 id: 983 
java/util/concurrent/atomic/LongAdder id: 984 
java/util/concurrent/ConcurrentSkipListMap$Node id: 985 
java/net/InetAddressImplFactory id: 986 
java/net/InetAddressImpl id: 987 
java/net/Inet4AddressImpl id: 988 
java/net/InetAddress$NameService id: 989 
java/net/InetAddress$PlatformNameService id: 990 
java/net/Inet4Address id: 991 
java/net/Inet6Address id: 992 
java/net/Inet6Address$Inet6AddressHolder id: 993 
java/net/DefaultInterface id: 994 
java/net/NetworkInterface$2 id: 995 
java/nio/file/DirectoryStream$Filter id: 996 
java/nio/file/Files$AcceptAllFilter id: 997 
java/nio/file/DirectoryStream id: 998 
java/nio/file/SecureDirectoryStream id: 999 
sun/nio/fs/UnixSecureDirectoryStream id: 1000 
sun/nio/fs/UnixDirectoryStream id: 1001 
java/util/concurrent/locks/ReadWriteLock id: 1002 
java/util/concurrent/locks/ReentrantReadWriteLock id: 1003 
java/util/concurrent/locks/ReentrantReadWriteLock$Sync id: 1004 
java/util/concurrent/locks/ReentrantReadWriteLock$FairSync id: 1005 
java/util/concurrent/locks/ReentrantReadWriteLock$Sync$ThreadLocalHoldCounter id: 1006 
java/util/concurrent/locks/ReentrantReadWriteLock$ReadLock id: 1007 
java/util/concurrent/locks/ReentrantReadWriteLock$WriteLock id: 1008 
sun/nio/fs/UnixDirectoryStream$UnixDirectoryIterator id: 1009 
sun/security/provider/AbstractDrbg$NonceProvider id: 1010 
sun/security/provider/SHA2 id: 1011 
sun/security/provider/SHA2$SHA256 id: 1012 
java/net/URLConnection id: 1013 
sun/net/www/URLConnection id: 1014 
sun/net/www/protocol/file/FileURLConnection id: 1015 
sun/net/www/MessageHeader id: 1016 
sun/net/ProgressMonitor id: 1017 
sun/net/ProgressMeteringPolicy id: 1018 
sun/net/DefaultProgressMeteringPolicy id: 1019 
java/io/FileOutputStream$1 id: 1020 
com/aliyun/serverless/runtime/handler/Dispatcher id: 1021 
com/aliyun/serverless/runtime/classloader/FunctionCodeUrlUtils id: 1022 
java/net/MalformedURLException id: 1023 
java/util/AbstractSequentialList id: 1024 
java/util/LinkedList id: 1025 
java/util/LinkedList$Node id: 1026 
com/aliyun/serverless/runtime/classloader/FunctionCodeUrlUtils$$Lambda$15 id: 1027 
java/util/stream/ReferencePipeline$StatelessOp id: 1028 
java/util/stream/ReferencePipeline$2 id: 1029 
java/util/stream/StreamShape id: 1030 
com/aliyun/serverless/runtime/classloader/FunctionCodeUrlUtils$$Lambda$16 id: 1031 
java/util/stream/ForEachOps id: 1032 
java/util/stream/TerminalOp id: 1033 
java/util/stream/Sink id: 1034 
java/util/stream/TerminalSink id: 1035 
java/util/stream/ForEachOps$ForEachOp id: 1036 
java/util/stream/ForEachOps$ForEachOp$OfRef id: 1037 
java/util/stream/Sink$ChainedReference id: 1038 
java/util/stream/ReferencePipeline$2$1 id: 1039 
java/net/URLClassLoader id: 1040 
com/aliyun/serverless/runtime/classloader/PluginClassLoader id: 1041 
com/aliyun/serverless/runtime/classloader/FunctionClassLoader id: 1042 
jdk/internal/misc/JavaNetURLClassLoaderAccess id: 1043 
java/net/URLClassLoader$7 id: 1044 
com/aliyun/serverless/runtime/handler/InitializationHandler id: 1045 
com/fasterxml/jackson/core/JacksonException id: 1046 
com/fasterxml/jackson/core/JsonProcessingException id: 1047 
com/aliyun/serverless/runtime/handler/InvocationHandler id: 1048 
com/aliyun/serverless/runtime/client/InvocationRequest id: 1049 
com/aliyun/serverless/runtime/client/InvocationRequest$FUNCTION_TYPE id: 1050 
com/aliyun/serverless/runtime/handler/InvocationHandler$1 id: 1051 
java/lang/NoSuchFieldError id: 1052 
java/util/Formatter id: 1053 
java/util/regex/Pattern id: 1054 
java/util/regex/Pattern$Node id: 1055 
java/util/regex/Pattern$1 id: 1056 
java/util/regex/Pattern$LastNode id: 1057 
java/util/regex/Pattern$GroupHead id: 1058 
java/util/regex/Pattern$CharPredicate id: 1059 
java/util/regex/Pattern$BmpCharPredicate id: 1060 
java/util/regex/Pattern$CharProperty id: 1061 
java/util/regex/Pattern$BmpCharProperty id: 1062 
java/util/regex/Pattern$GroupTail id: 1063 
java/util/regex/CharPredicates id: 1064 
java/util/regex/Pattern$CharPropertyGreedy id: 1065 
java/util/regex/Pattern$BmpCharPropertyGreedy id: 1066 
java/util/regex/Pattern$Ques id: 1067 
java/util/regex/Pattern$Qtype id: 1068 
java/util/regex/Pattern$BranchConn id: 1069 
java/util/regex/Pattern$Branch id: 1070 
java/util/regex/Pattern$BitClass id: 1071 
java/lang/invoke/DirectMethodHandle$Special id: 1072 
java/util/regex/Pattern$SliceNode id: 1073 
java/util/regex/Pattern$Slice id: 1074 
java/util/regex/Pattern$Begin id: 1075 
java/util/regex/Pattern$First id: 1076 
java/util/regex/Pattern$Start id: 1077 
java/util/regex/Pattern$TreeInfo id: 1078 
java/text/DecimalFormatSymbols id: 1079 
java/util/spi/LocaleServiceProvider id: 1080 
java/text/spi/DecimalFormatSymbolsProvider id: 1081 
sun/util/locale/provider/LocaleProviderAdapter id: 1082 
sun/util/locale/provider/LocaleProviderAdapter$Type id: 1083 
sun/util/locale/provider/ResourceBundleBasedAdapter id: 1084 
sun/util/locale/provider/JRELocaleProviderAdapter id: 1085 
sun/util/locale/provider/FallbackLocaleProviderAdapter id: 1086 
sun/util/locale/provider/LocaleProviderAdapter$NonExistentAdapter id: 1087 
sun/util/locale/LanguageTag id: 1088 
sun/util/locale/provider/LocaleResources id: 1089 
sun/util/resources/LocaleData id: 1090 
java/util/ResourceBundle$Control id: 1091 
java/util/ResourceBundle$Control$CandidateListCache id: 1092 
java/util/ResourceBundle id: 1093 
sun/util/locale/provider/LocaleProviderAdapter$1 id: 1094 
sun/util/cldr/CLDRLocaleProviderAdapter id: 1095 
sun/util/locale/provider/LocaleDataMetaInfo id: 1096 
sun/util/cldr/CLDRBaseLocaleDataMetaInfo id: 1097 
sun/util/locale/ParseStatus id: 1098 
sun/util/locale/StringTokenIterator id: 1099 
sun/util/cldr/CLDRLocaleProviderAdapter$1 id: 1100 
java/util/concurrent/CopyOnWriteArrayList$COWIterator id: 1101 
jdk/internal/module/ModulePatcher$PatchedModuleReader id: 1102 
sun/util/resources/cldr/provider/CLDRLocaleDataMetaInfo id: 1103 
java/util/ServiceLoader$1 id: 1104 
java/util/ServiceLoader$Provider id: 1105 
java/util/ServiceLoader$ProviderImpl id: 1106 
sun/util/locale/provider/AvailableLanguageTags id: 1107 
sun/util/locale/provider/DecimalFormatSymbolsProviderImpl id: 1108 
java/util/StringTokenizer id: 1109 
sun/util/locale/provider/CalendarDataUtility id: 1110 
sun/util/resources/LocaleData$1 id: 1111 
sun/util/resources/Bundles$Strategy id: 1112 
sun/util/resources/LocaleData$LocaleDataStrategy id: 1113 
sun/util/resources/Bundles id: 1114 
sun/util/resources/Bundles$1 id: 1115 
jdk/internal/misc/JavaUtilResourceBundleAccess id: 1116 
java/util/ResourceBundle$1 id: 1117 
java/util/ResourceBundle$2 id: 1118 
sun/util/resources/Bundles$CacheKey id: 1119 
java/util/ResourceBundle$SingleFormatControl id: 1120 
java/util/ResourceBundle$NoFallbackControl id: 1121 
java/util/ListResourceBundle id: 1122 
sun/text/resources/cldr/FormatData id: 1123 
java/util/ResourceBundle$ResourceBundleProviderHelper id: 1124 
sun/util/resources/Bundles$CacheKeyReference id: 1125 
sun/util/resources/Bundles$BundleReference id: 1126 
sun/text/resources/cldr/FormatData_en id: 1127 
sun/util/locale/provider/LocaleResources$ResourceReference id: 1128 
java/util/regex/MatchResult id: 1129 
java/util/regex/Matcher id: 1130 
java/util/regex/IntHashSet id: 1131 
java/util/regex/ASCII id: 1132 
java/util/Formatter$FormatString id: 1133 
java/util/Formatter$FixedString id: 1134 
java/util/Formatter$FormatSpecifier id: 1135 
java/util/Formatter$Flags id: 1136 
java/util/Formatter$Conversion id: 1137 
java/util/Formattable id: 1138 
com/aliyun/serverless/runtime/handler/FunctionHandlerUtils id: 1139 
java/util/regex/Pattern$BnM id: 1140 
com/aliyun/serverless/runtime/handler/FunctionHandlerHolder id: 1141 
java/lang/InstantiationException id: 1142 
java/lang/IllegalAccessException id: 1143 
java/lang/ExceptionInInitializerError id: 1144 
java/lang/TypeNotPresentException id: 1145 
java/lang/reflect/MalformedParameterizedTypeException id: 1146 
java/lang/reflect/InvocationTargetException id: 1147 
com/aliyun/serverless/runtime/handler/InternalHandler id: 1148 
com/aliyun/serverless/runtime/handler/FunctionHandlerHolder$Holder id: 1149 
com/aliyun/serverless/runtime/handler/FunctionHandlerHolder$$Lambda$25 id: 1150 
com/aliyun/serverless/runtime/handler/FunctionHandlerHolder$$Lambda$26 id: 1151 
com/aliyun/serverless/runtime/handler/FunctionHandlerHolder$$Lambda$27 id: 1152 
com/alibaba/jvm/util/classnames/ClassLoaderXMLParser id: 1153 
jdk/internal/util/xml/SAXParser id: 1154 
jdk/internal/util/xml/impl/SAXParserImpl id: 1155 
jdk/internal/org/xml/sax/XMLReader id: 1156 
jdk/internal/org/xml/sax/Locator id: 1157 
jdk/internal/util/xml/impl/Parser id: 1158 
jdk/internal/util/xml/impl/ParserSAX id: 1159 
jdk/internal/org/xml/sax/Attributes id: 1160 
jdk/internal/util/xml/impl/Attrs id: 1161 
jdk/internal/util/xml/impl/Pair id: 1162 
jdk/internal/org/xml/sax/EntityResolver id: 1163 
jdk/internal/org/xml/sax/DTDHandler id: 1164 
jdk/internal/org/xml/sax/ContentHandler id: 1165 
jdk/internal/org/xml/sax/ErrorHandler id: 1166 
jdk/internal/org/xml/sax/helpers/DefaultHandler id: 1167 
jdk/internal/loader/URLClassPath$JarLoader$2 id: 1168 
java/net/JarURLConnection id: 1169 
sun/net/www/protocol/jar/JarURLConnection id: 1170 
sun/net/www/protocol/jar/URLJarFile$URLJarFileCloseController id: 1171 
sun/net/www/protocol/jar/JarFileFactory id: 1172 
sun/net/www/protocol/jar/URLJarFile id: 1173 
sun/net/www/protocol/jar/URLJarFileCallBack id: 1174 
java/util/zip/ZipFile$CleanableResource$FinalizableResource id: 1175 
sun/nio/fs/UnixFileKey id: 1176 
sun/net/www/protocol/jar/URLJarFile$URLJarFileEntry id: 1177 
sun/net/www/protocol/jar/JarURLConnection$JarURLInputStream id: 1178 
java/io/Reader id: 1179 
java/io/BufferedReader id: 1180 
java/io/InputStreamReader id: 1181 
sun/nio/cs/StreamDecoder id: 1182 
java/nio/charset/CharsetDecoder id: 1183 
sun/nio/cs/UTF_8$Decoder id: 1184 
java/io/CharArrayReader id: 1185 
java/io/CharArrayWriter id: 1186 
jdk/internal/org/xml/sax/InputSource id: 1187 
com/alibaba/jvm/util/classnames/ClassLoaderXMLParser$XMLParserHandler id: 1188 
jdk/internal/util/xml/impl/Input id: 1189 
java/lang/IndexOutOfBoundsException id: 1190 
java/lang/ArrayIndexOutOfBoundsException id: 1191 
com/alibaba/jvm/util/classnames/ClassLoaderXMLParser$ClassLoaderNameConfig id: 1192 
java/util/stream/ReferencePipeline$3 id: 1193 
java/util/stream/SortedOps id: 1194 
java/util/stream/ReferencePipeline$StatefulOp id: 1195 
java/util/stream/SortedOps$OfRef id: 1196 
java/util/Comparators$NaturalOrderComparator id: 1197 
java/util/stream/Collectors id: 1198 
java/util/stream/Collector$Characteristics id: 1199 
java/util/EnumSet id: 1200 
java/util/RegularEnumSet id: 1201 
java/util/stream/Collector id: 1202 
java/util/stream/Collectors$CollectorImpl id: 1203 
java/lang/invoke/DirectMethodHandle$Constructor id: 1204 
java/lang/invoke/DirectMethodHandle$Interface id: 1205 
java/util/function/BiConsumer id: 1206 
java/util/function/BinaryOperator id: 1207 
java/util/stream/ReduceOps id: 1208 
java/util/stream/ReduceOps$ReduceOp id: 1209 
java/util/stream/ReduceOps$3 id: 1210 
java/util/stream/ReduceOps$AccumulatingSink id: 1211 
java/util/stream/ReduceOps$Box id: 1212 
java/util/stream/ReduceOps$3ReducingSink id: 1213 
java/util/stream/SortedOps$AbstractRefSortingSink id: 1214 
java/util/stream/SortedOps$RefSortingSink id: 1215 
java/util/stream/ReferencePipeline$3$1 id: 1216 
com/alibaba/jvm/util/AJDKUtils id: 1217 
java/lang/invoke/StringConcatFactory id: 1218 
java/lang/invoke/StringConcatFactory$Strategy id: 1219 
java/lang/invoke/MethodHandleImpl$AsVarargsCollector id: 1220 
java/lang/invoke/StringConcatFactory$1 id: 1221 
java/lang/invoke/StringConcatFactory$Mode id: 1222 
java/lang/invoke/StringConcatFactory$Recipe id: 1223 
java/lang/invoke/StringConcatFactory$RecipeElement id: 1224 
java/lang/invoke/StringConcatFactory$MethodHandleInlineCopyStrategy id: 1225 
java/lang/invoke/StringConcatFactory$MethodHandleInlineCopyStrategy$1 id: 1226 
java/lang/invoke/StringConcatFactory$MethodHandleInlineCopyStrategy$2 id: 1227 
java/lang/invoke/StringConcatFactory$MethodHandleInlineCopyStrategy$3 id: 1228 
java/lang/StringConcatHelper id: 1229 
java/lang/invoke/StringConcatFactory$Stringifiers id: 1230 
java/lang/ClassValue id: 1231 
java/lang/invoke/StringConcatFactory$Stringifiers$StringifierMost id: 1232 
java/lang/ClassValue$Entry id: 1233 
java/lang/ClassValue$Identity id: 1234 
java/lang/ClassValue$Version id: 1235 
java/lang/invoke/StringConcatFactory$Stringifiers$StringifierAny id: 1236 
java/lang/ClassValue$ClassValueMap id: 1237 
java/lang/invoke/BoundMethodHandle$Species_LL id: 1238 
java/lang/invoke/BoundMethodHandle$Species_LLL id: 1239 
java/lang/invoke/BoundMethodHandle$Species_LLLL id: 1240 
java/lang/invoke/BoundMethodHandle$Species_LLLLL id: 1241 
java/lang/invoke/BoundMethodHandle$Species_LLLLLL id: 1242 
java/lang/invoke/BoundMethodHandle$Species_LLLLLLL id: 1243 
java/lang/invoke/BoundMethodHandle$Species_LLLLLLLL id: 1244 
java/lang/invoke/BoundMethodHandle$Species_LLLLLLLLL id: 1245 
java/lang/invoke/BoundMethodHandle$Species_LLLLLLLLLL id: 1246 
java/lang/invoke/BoundMethodHandle$Species_LLLLLLLLLLL id: 1247 
java/lang/invoke/BoundMethodHandle$Species_LLLLLLLLLLLL id: 1248 
java/lang/invoke/BoundMethodHandle$Species_LLLLLLLLLLLLL id: 1249 
java/lang/Byte$ByteCache id: 1250 
java/lang/invoke/MethodHandles$1 id: 1251 
java/lang/invoke/BoundMethodHandle$Species_LLLLLLI id: 1252 
sun/invoke/util/ValueConversions$WrapperCache id: 1253 
java/lang/invoke/BoundMethodHandle$Species_LLLLLLII id: 1254 
java/lang/invoke/BoundMethodHandle$Species_LLLLLLIIL id: 1255 
java/lang/invoke/ClassSpecializer$Factory$1Var id: 1256 
java/net/URLClassLoader$1 id: 1257 
java/io/FilePermission id: 1258 
jdk/internal/misc/JavaIOFilePermissionAccess id: 1259 
java/io/FilePermission$1 id: 1260 
sun/security/util/FilePermCompat id: 1261 
sun/security/util/SecurityProperties id: 1262 
java/io/FilePermissionCollection id: 1263 
java/io/FilePermissionCollection$1 id: 1264 
com/aliyun/fc/runtime/StreamRequestHandler id: 1265 
alibaba/quickstart/unreachable/demo/QuickStartTestCL id: 1266 super: 1 interfaces: 1265 source: /code/ initiating_loader_hash: f2bdbf56 defining_loader_hash: f2bdbf56 fingerprint: 0x000004392e0ef7ca 
com/aliyun/serverless/runtime/handler/FunctionHandlerHolder$1 id: 1267 
com/aliyun/serverless/runtime/handler/StreamRequestHandlerAdapter id: 1268 
com/aliyun/fc/runtime/Context id: 1269 
com/aliyun/serverless/runtime/context/AliFCContext id: 1270 
com/aliyun/fc/runtime/OpenTracing id: 1271 
com/aliyun/fc/runtime/Credentials id: 1272 
com/aliyun/fc/runtime/FunctionParam id: 1273 
com/aliyun/fc/runtime/Service id: 1274 
com/aliyun/fc/runtime/FunctionComputeLogger id: 1275 
com/aliyun/serverless/runtime/context/AliFCFunctionParam id: 1276 
com/aliyun/serverless/runtime/context/AliFCCredentials id: 1277 
com/aliyun/serverless/runtime/context/AliFCTracing id: 1278 
com/fasterxml/jackson/core/type/TypeReference id: 1279 
com/aliyun/serverless/runtime/context/AliFCTracing$1 id: 1280 
com/aliyun/serverless/runtime/context/AliFCService id: 1281 
com/aliyun/serverless/runtime/context/FunctionComputeLoggerWrapper id: 1282 
com/aliyun/serverless/runtime/client/InvocationResponse id: 1283 
jdk/internal/misc/Signal$1 id: 1284 
java/util/IdentityHashMap$IdentityHashMapIterator id: 1285 
java/util/IdentityHashMap$KeyIterator id: 1286 
java/lang/ProcessBuilder id: 1287 
java/util/StringJoiner id: 1288 
java/lang/ProcessBuilder$Redirect id: 1289 
java/lang/ProcessBuilder$Redirect$1 id: 1290 
java/lang/ProcessBuilder$Redirect$2 id: 1291 
java/lang/ProcessBuilder$Redirect$3 id: 1292 
java/lang/ProcessBuilder$Redirect$Type id: 1293 
java/lang/Process id: 1294 
java/lang/ProcessImpl id: 1295 
java/lang/ProcessImpl$Platform id: 1296 
java/lang/ProcessImpl$LaunchMechanism id: 1297 
java/lang/ProcessImpl$1 id: 1298 
java/lang/ProcessBuilder$RedirectPipeImpl id: 1299 
java/lang/ProcessHandle id: 1300 
java/lang/ProcessHandleImpl id: 1301 
java/util/concurrent/Executors id: 1302 
java/util/concurrent/ThreadPoolExecutor id: 1303 
java/util/concurrent/RejectedExecutionHandler id: 1304 
java/util/concurrent/ThreadPoolExecutor$AbortPolicy id: 1305 
java/util/AbstractQueue id: 1306 
java/util/concurrent/SynchronousQueue id: 1307 
java/util/concurrent/SynchronousQueue$Transferer id: 1308 
java/util/concurrent/SynchronousQueue$TransferStack id: 1309 
java/util/concurrent/SynchronousQueue$TransferStack$SNode id: 1310 
java/util/concurrent/locks/Condition id: 1311 
java/util/concurrent/locks/AbstractQueuedSynchronizer$ConditionObject id: 1312 
java/lang/ProcessBuilder$NullOutputStream id: 1313 
java/lang/ProcessBuilder$NullInputStream id: 1314 
java/util/concurrent/Future id: 1315 
java/util/concurrent/CompletionStage id: 1316 
java/util/concurrent/CompletableFuture id: 1317 
java/lang/ProcessHandleImpl$ExitCompletion id: 1318 
java/util/concurrent/CompletableFuture$AltResult id: 1319 
java/util/concurrent/ForkJoinPool id: 1320 
java/lang/invoke/VarHandleLongs$FieldInstanceReadOnly id: 1321 
java/lang/invoke/VarHandleLongs$FieldInstanceReadWrite id: 1322 
java/util/concurrent/ForkJoinTask id: 1323 
java/lang/invoke/VarHandleObjects$Array id: 1324 
java/util/concurrent/ForkJoinPool$ForkJoinWorkerThreadFactory id: 1325 
java/util/concurrent/ForkJoinPool$DefaultForkJoinWorkerThreadFactory id: 1326 
java/util/concurrent/ForkJoinPool$1 id: 1327 
java/util/concurrent/ForkJoinPool$WorkQueue id: 1328 
java/util/concurrent/CompletableFuture$AsynchronousCompletionTask id: 1329 
java/util/concurrent/CompletableFuture$Completion id: 1330 
java/lang/ProcessHandleImpl$1 id: 1331 
java/util/concurrent/ThreadPoolExecutor$Worker id: 1332 
java/lang/Thread$State id: 1333 
java/util/concurrent/CompletableFuture$UniCompletion id: 1334 
java/util/concurrent/CompletableFuture$UniHandle id: 1335 
java/util/concurrent/ForkJoinTask$ExceptionNode id: 1336 
